aaadfdsfs
